318D001ABD40083934328E0400A6A0270A814024028B40A78020F235323948454C4C4F20574F524C44